cx: 1305.000000, cx_error: 345.000000, cx_out: 0.690016, cy: 406.000000, cy_error: -134.000000, cy_out: -0.268016, dt: 100.424377, area_speed: -0.264710, area: 296460.000000
cx: 1291.000000, cx_error: 331.000000, cx_out: 0.662016, cy: 406.000000, cy_error: -134.000000, cy_out: -0.268016, dt: 100.028870, area_speed: -0.259226, area: 317151.000000
cx: 892.000000, cx_error: -68.000000, cx_out: -0.136016, cy: 437.000000, cy_error: -103.000000, cy_out: -0.206016, dt: 99.189697, area_speed: -0.244895, area: 427875.000000
cx: 897.000000, cx_error: -63.000000, cx_out: -0.125984, cy: 425.000000, cy_error: -115.000000, cy_out: -0.229984, dt: -900.135559, area_speed: -0.247388, area: 425880.000000
cx: 777.000000, cx_error: -183.000000, cx_out: -0.365984, cy: 440.000000, cy_error: -100.000000, cy_out: -0.199984, dt: -897.981323, area_speed: -0.255585, area: 288420.000000
cx: 654.000000, cx_error: -306.000000, cx_out: -0.612016, cy: 445.000000, cy_error: -95.000000, cy_out: -0.190016, dt: 100.268555, area_speed: -0.259428, area: 641784.000000
cx: 639.000000, cx_error: -321.000000, cx_out: -0.642016, cy: 452.000000, cy_error: -88.000000, cy_out: -0.176016, dt: 100.445007, area_speed: -0.264667, area: 656304.000000
cx: 1252.000000, cx_error: 292.000000, cx_out: 0.584016, cy: 553.000000, cy_error: 13.000000, cy_out: 0.026016, dt: 100.023407, area_speed: -0.273558, area: 472440.000000
cx: 1290.000000, cx_error: 330.000000, cx_out: 0.660016, cy: 495.000000, cy_error: -45.000000, cy_out: -0.090016, dt: 97.858734, area_speed: -0.267555, area: 504900.000000
cx: 1381.000000, cx_error: 421.000000, cx_out: 0.842016, cy: 508.000000, cy_error: -32.000000, cy_out: -0.064016, dt: 100.666084, area_speed: -0.252844, area: 594297.000000
cx: 1396.000000, cx_error: 436.000000, cx_out: 0.872016, cy: 493.000000, cy_error: -47.000000, cy_out: -0.094016, dt: 97.737213, area_speed: -0.244176, area: 588903.000000
cx: 987.000000, cx_error: 27.000000, cx_out: 0.054016, cy: 490.000000, cy_error: -50.000000, cy_out: -0.100016, dt: 101.547852, area_speed: -0.227341, area: 629160.000000
cx: 972.000000, cx_error: 12.000000, cx_out: 0.024016, cy: 486.000000, cy_error: -54.000000, cy_out: -0.108016, dt: 98.921997, area_speed: -0.228171, area: 659016.000000
cx: 952.000000, cx_error: -8.000000, cx_out: -0.016016, cy: 464.000000, cy_error: -76.000000, cy_out: -0.152016, dt: 100.702454, area_speed: -0.229035, area: 627075.000000
cx: 936.000000, cx_error: -24.000000, cx_out: -0.047984, cy: 445.000000, cy_error: -95.000000, cy_out: -0.189984, dt: -900.459900, area_speed: -0.230428, area: 609444.000000
cx: 930.000000, cx_error: -30.000000, cx_out: -0.060016, cy: 435.000000, cy_error: -105.000000, cy_out: -0.210016, dt: 100.014252, area_speed: -0.232261, area: 589860.000000
cx: 936.000000, cx_error: -24.000000, cx_out: -0.048016, cy: 471.000000, cy_error: -69.000000, cy_out: -0.138016, dt: 100.368576, area_speed: -0.234414, area: 633696.000000
cx: 945.000000, cx_error: -15.000000, cx_out: -0.030016, cy: 493.000000, cy_error: -47.000000, cy_out: -0.094016, dt: 99.305756, area_speed: -0.236130, area: 669186.000000
cx: 952.000000, cx_error: -8.000000, cx_out: -0.016016, cy: 495.000000, cy_error: -45.000000, cy_out: -0.090016, dt: 98.708832, area_speed: -0.237610, area: 667575.000000
cx: 958.000000, cx_error: -2.000000, cx_out: -0.004016, cy: 494.000000, cy_error: -46.000000, cy_out: -0.092016, dt: 99.235657, area_speed: -0.238553, area: 672828.000000
cx: 958.000000, cx_error: -2.000000, cx_out: -0.004016, cy: 509.000000, cy_error: -31.000000, cy_out: -0.062016, dt: 101.080444, area_speed: -0.239050, area: 706167.000000
cx: 951.000000, cx_error: -9.000000, cx_out: -0.018016, cy: 518.000000, cy_error: -22.000000, cy_out: -0.044016, dt: 99.573914, area_speed: -0.237688, area: 740418.000000
cx: 949.000000, cx_error: -11.000000, cx_out: -0.022016, cy: 541.000000, cy_error: 1.000000, cy_out: 0.002016, dt: 99.895081, area_speed: -0.238290, area: 742851.000000
cx: 943.000000, cx_error: -17.000000, cx_out: -0.034016, cy: 528.000000, cy_error: -12.000000, cy_out: -0.024016, dt: 101.595154, area_speed: -0.238433, area: 752643.000000
cx: 942.000000, cx_error: -18.000000, cx_out: -0.035984, cy: 535.000000, cy_error: -5.000000, cy_out: -0.009984, dt: -901.517029, area_speed: -0.238826, area: 760878.000000
cx: 937.000000, cx_error: -23.000000, cx_out: -0.046016, cy: 524.000000, cy_error: -16.000000, cy_out: -0.032016, dt: 102.269440, area_speed: -0.239328, area: 781362.000000
cx: 936.000000, cx_error: -24.000000, cx_out: -0.048016, cy: 540.000000, cy_error: 0.000000, cy_out: -0.000016, dt: 100.075073, area_speed: -0.240006, area: 791808.000000
cx: 933.000000, cx_error: -27.000000, cx_out: -0.054016, cy: 534.000000, cy_error: -6.000000, cy_out: -0.012016, dt: 99.131042, area_speed: -0.240843, area: 814578.000000
cx: 934.000000, cx_error: -26.000000, cx_out: -0.052016, cy: 539.000000, cy_error: -1.000000, cy_out: -0.002016, dt: 100.558990, area_speed: -0.241789, area: 823428.000000
cx: 934.000000, cx_error: -26.000000, cx_out: -0.052016, cy: 550.000000, cy_error: 10.000000, cy_out: 0.020016, dt: 96.872803, area_speed: -0.242777, area: 822933.000000
cx: 934.000000, cx_error: -26.000000, cx_out: -0.052016, cy: 543.000000, cy_error: 3.000000, cy_out: 0.006016, dt: 99.905090, area_speed: -0.243905, area: 853830.000000
cx: 934.000000, cx_error: -26.000000, cx_out: -0.052016, cy: 544.000000, cy_error: 4.000000, cy_out: 0.008016, dt: 100.594910, area_speed: -0.245130, area: 848265.000000
cx: 936.000000, cx_error: -24.000000, cx_out: -0.048016, cy: 539.000000, cy_error: -1.000000, cy_out: -0.002016, dt: 101.507690, area_speed: 0.082116, area: 872370.000000
cx: 948.000000, cx_error: -12.000000, cx_out: -0.024016, cy: 538.000000, cy_error: -2.000000, cy_out: -0.004016, dt: 99.835083, area_speed: 0.082489, area: 903840.000000
cx: 948.000000, cx_error: -12.000000, cx_out: -0.023984, cy: 543.000000, cy_error: 3.000000, cy_out: 0.005984, dt: -899.636108, area_speed: 0.082813, area: 915048.000000
cx: 967.000000, cx_error: 7.000000, cx_out: 0.014016, cy: 561.000000, cy_error: 21.000000, cy_out: 0.042016, dt: 99.689545, area_speed: 0.083120, area: 918630.000000
cx: 964.000000, cx_error: 4.000000, cx_out: 0.008016, cy: 564.000000, cy_error: 24.000000, cy_out: 0.048016, dt: 100.793015, area_speed: 0.083226, area: 928284.000000
cx: 967.000000, cx_error: 7.000000, cx_out: 0.014016, cy: 557.000000, cy_error: 17.000000, cy_out: 0.034016, dt: 99.335266, area_speed: 0.083292, area: 940023.000000
cx: 961.000000, cx_error: 1.000000, cx_out: 0.002016, cy: 547.000000, cy_error: 7.000000, cy_out: 0.014016, dt: 101.662048, area_speed: 0.083360, area: 984474.000000
cx: 958.000000, cx_error: -2.000000, cx_out: -0.004016, cy: 540.000000, cy_error: 0.000000, cy_out: -0.000016, dt: 97.852905, area_speed: 0.083471, area: 987285.000000
cx: 964.000000, cx_error: 4.000000, cx_out: 0.008016, cy: 547.000000, cy_error: 7.000000, cy_out: 0.014016, dt: 100.757385, area_speed: 0.083599, area: 1000035.000000
cx: 964.000000, cx_error: 4.000000, cx_out: 0.008016, cy: 540.000000, cy_error: 0.000000, cy_out: 0.000016, dt: 99.082642, area_speed: 0.083684, area: 1014120.000000
cx: 960.000000, cx_error: 0.000000, cx_out: 0.000016, cy: 540.000000, cy_error: 0.000000, cy_out: 0.000016, dt: 101.657654, area_speed: 0.083736, area: 1010880.000000
cx: 963.000000, cx_error: 3.000000, cx_out: 0.006016, cy: 540.000000, cy_error: 0.000000, cy_out: 0.000016, dt: 99.157288, area_speed: 0.083775, area: 1017360.000000
cx: 964.000000, cx_error: 4.000000, cx_out: 0.007984, cy: 539.000000, cy_error: -1.000000, cy_out: -0.001984, dt: -899.843445, area_speed: 0.083764, area: 999306.000000
cx: 966.000000, cx_error: 6.000000, cx_out: 0.012016, cy: 539.000000, cy_error: -1.000000, cy_out: -0.002016, dt: 98.841377, area_speed: 0.083756, area: 1015476.000000
cx: 964.000000, cx_error: 4.000000, cx_out: 0.008016, cy: 540.000000, cy_error: 0.000000, cy_out: 0.000016, dt: 100.423431, area_speed: 0.083706, area: 1027080.000000
cx: 982.000000, cx_error: 22.000000, cx_out: 0.044016, cy: 538.000000, cy_error: -2.000000, cy_out: -0.004016, dt: 100.260742, area_speed: 0.083618, area: 1041675.000000
cx: 981.000000, cx_error: 21.000000, cx_out: 0.042016, cy: 539.000000, cy_error: -1.000000, cy_out: -0.002016, dt: 98.926880, area_speed: 0.083428, area: 1054284.000000
cx: 966.000000, cx_error: 6.000000, cx_out: 0.012016, cy: 539.000000, cy_error: -1.000000, cy_out: -0.002016, dt: 99.910461, area_speed: 0.083205, area: 1047816.000000
cx: 954.000000, cx_error: -6.000000, cx_out: -0.012016, cy: 539.000000, cy_error: -1.000000, cy_out: -0.002016, dt: 100.026794, area_speed: 0.083154, area: 1053306.000000
cx: 946.000000, cx_error: -14.000000, cx_out: -0.028016, cy: 540.000000, cy_error: 0.000000, cy_out: -0.000016, dt: 101.828552, area_speed: 0.083317, area: 1048125.000000
cx: 955.000000, cx_error: -5.000000, cx_out: -0.010016, cy: 539.000000, cy_error: -1.000000, cy_out: -0.002016, dt: 98.118774, area_speed: 0.083564, area: 1051050.000000
cx: 970.000000, cx_error: 10.000000, cx_out: 0.020016, cy: 539.000000, cy_error: -1.000000, cy_out: -0.002016, dt: 101.395203, area_speed: 0.083865, area: 1044582.000000
cx: 982.000000, cx_error: 22.000000, cx_out: 0.043984, cy: 539.000000, cy_error: -1.000000, cy_out: -0.001984, dt: -902.002686, area_speed: 0.083994, area: 1037151.000000
cx: 981.000000, cx_error: 21.000000, cx_out: 0.042016, cy: 538.000000, cy_error: -2.000000, cy_out: -0.004016, dt: 100.038124, area_speed: 0.083965, area: 1013592.000000
cx: 987.000000, cx_error: 27.000000, cx_out: 0.054016, cy: 538.000000, cy_error: -2.000000, cy_out: -0.004016, dt: 99.963028, area_speed: 0.083824, area: 994224.000000
cx: 985.000000, cx_error: 25.000000, cx_out: 0.050016, cy: 538.000000, cy_error: -2.000000, cy_out: -0.004016, dt: 100.371552, area_speed: 0.083590, area: 978084.000000
cx: 984.000000, cx_error: 24.000000, cx_out: 0.048016, cy: 540.000000, cy_error: 0.000000, cy_out: 0.000016, dt: 100.144928, area_speed: 0.083287, area: 1004400.000000
cx: 978.000000, cx_error: 18.000000, cx_out: 0.036016, cy: 540.000000, cy_error: 0.000000, cy_out: 0.000016, dt: 101.432098, area_speed: 0.082924, area: 990522.000000
cx: 963.000000, cx_error: 3.000000, cx_out: 0.006016, cy: 539.000000, cy_error: -1.000000, cy_out: -0.002016, dt: 100.788818, area_speed: 0.082714, area: 978576.000000
cx: 957.000000, cx_error: -3.000000, cx_out: -0.006016, cy: 538.000000, cy_error: -2.000000, cy_out: -0.004016, dt: 98.869202, area_speed: 0.082706, area: 974856.000000
cx: 922.000000, cx_error: -38.000000, cx_out: -0.076016, cy: 536.000000, cy_error: -4.000000, cy_out: -0.008016, dt: 100.070312, area_speed: 0.082872, area: 994671.000000
cx: 889.000000, cx_error: -71.000000, cx_out: -0.142016, cy: 537.000000, cy_error: -3.000000, cy_out: -0.006016, dt: 100.843201, area_speed: 0.083354, area: 1047150.000000
cx: 882.000000, cx_error: -78.000000, cx_out: -0.155984, cy: 537.000000, cy_error: -3.000000, cy_out: -0.005984, dt: -900.783081, area_speed: 0.084152, area: 973044.000000
cx: 861.000000, cx_error: -99.000000, cx_out: -0.198016, cy: 537.000000, cy_error: -3.000000, cy_out: -0.006016, dt: 100.673088, area_speed: 0.085030, area: 916344.000000
cx: 838.000000, cx_error: -122.000000, cx_out: -0.244016, cy: 539.000000, cy_error: -1.000000, cy_out: -0.002016, dt: 99.887314, area_speed: -0.258130, area: 856269.000000
cx: 852.000000, cx_error: -108.000000, cx_out: -0.216016, cy: 534.000000, cy_error: -6.000000, cy_out: -0.012016, dt: 98.782898, area_speed: -0.261822, area: 822762.000000
cx: 892.000000, cx_error: -68.000000, cx_out: -0.136016, cy: 507.000000, cy_error: -33.000000, cy_out: -0.066016, dt: 101.581207, area_speed: -0.265076, area: 739935.000000
cx: 942.000000, cx_error: -18.000000, cx_out: -0.036016, cy: 480.000000, cy_error: -60.000000, cy_out: -0.120016, dt: 98.650360, area_speed: -0.267454, area: 737280.000000
cx: 966.000000, cx_error: 6.000000, cx_out: 0.012016, cy: 428.000000, cy_error: -112.000000, cy_out: -0.224016, dt: 99.954468, area_speed: -0.268282, area: 663318.000000
cx: 985.000000, cx_error: 25.000000, cx_out: 0.050016, cy: 381.000000, cy_error: -159.000000, cy_out: -0.318016, dt: 101.560059, area_speed: -0.268032, area: 541782.000000
cx: 996.000000, cx_error: 36.000000, cx_out: 0.072016, cy: 407.000000, cy_error: -133.000000, cy_out: -0.266016, dt: 99.154663, area_speed: -0.267105, area: 557460.000000
cx: 1042.000000, cx_error: 82.000000, cx_out: 0.164016, cy: 448.000000, cy_error: -92.000000, cy_out: -0.184016, dt: 98.928528, area_speed: -0.265535, area: 649539.000000
cx: 1096.000000, cx_error: 136.000000, cx_out: 0.271984, cy: 514.000000, cy_error: -26.000000, cy_out: -0.051984, dt: -898.052673, area_speed: -0.263467, area: 724509.000000
cx: 1083.000000, cx_error: 123.000000, cx_out: 0.246016, cy: 534.000000, cy_error: -6.000000, cy_out: -0.012016, dt: 98.477448, area_speed: -0.259312, area: 632370.000000
cx: 1065.000000, cx_error: 105.000000, cx_out: 0.210016, cy: 555.000000, cy_error: 15.000000, cy_out: 0.030016, dt: 101.308792, area_speed: -0.255552, area: 677820.000000
cx: 997.000000, cx_error: 37.000000, cx_out: 0.074016, cy: 518.000000, cy_error: -22.000000, cy_out: -0.044016, dt: 98.612671, area_speed: -0.251381, area: 556419.000000
cx: 961.000000, cx_error: 1.000000, cx_out: 0.002016, cy: 511.000000, cy_error: -29.000000, cy_out: -0.058016, dt: 101.400208, area_speed: -0.248728, area: 609633.000000
cx: 949.000000, cx_error: -11.000000, cx_out: -0.022016, cy: 494.000000, cy_error: -46.000000, cy_out: -0.092016, dt: 98.259827, area_speed: -0.248037, area: 577980.000000
cx: 945.000000, cx_error: -15.000000, cx_out: -0.030016, cy: 510.000000, cy_error: -30.000000, cy_out: -0.060016, dt: 100.828186, area_speed: -0.248263, area: 593058.000000
cx: 945.000000, cx_error: -15.000000, cx_out: -0.030016, cy: 500.000000, cy_error: -40.000000, cy_out: -0.080016, dt: 100.553650, area_speed: -0.248821, area: 572688.000000
cx: 940.000000, cx_error: -20.000000, cx_out: -0.040016, cy: 524.000000, cy_error: -16.000000, cy_out: -0.032016, dt: 99.650085, area_speed: -0.249496, area: 592224.000000
cx: 939.000000, cx_error: -21.000000, cx_out: -0.042016, cy: 552.000000, cy_error: 12.000000, cy_out: 0.024016, dt: 100.374817, area_speed: -0.250323, area: 604800.000000
cx: 928.000000, cx_error: -32.000000, cx_out: -0.063984, cy: 558.000000, cy_error: 18.000000, cy_out: 0.035984, dt: -899.993347, area_speed: -0.251309, area: 604206.000000
cx: 934.000000, cx_error: -26.000000, cx_out: -0.052016, cy: 561.000000, cy_error: 21.000000, cy_out: 0.042016, dt: 100.101616, area_speed: -0.252853, area: 610839.000000
cx: 937.000000, cx_error: -23.000000, cx_out: -0.046016, cy: 558.000000, cy_error: 18.000000, cy_out: 0.036016, dt: 99.735336, area_speed: -0.254354, area: 618744.000000
cx: 948.000000, cx_error: -12.000000, cx_out: -0.024016, cy: 553.000000, cy_error: 13.000000, cy_out: 0.026016, dt: 100.149231, area_speed: -0.255764, area: 624852.000000
cx: 955.000000, cx_error: -5.000000, cx_out: -0.010016, cy: 554.000000, cy_error: 14.000000, cy_out: 0.028016, dt: 100.177246, area_speed: -0.256896, area: 644556.000000
cx: 964.000000, cx_error: 4.000000, cx_out: 0.008016, cy: 555.000000, cy_error: 15.000000, cy_out: 0.030016, dt: 100.258270, area_speed: -0.257755, area: 655155.000000
cx: 970.000000, cx_error: 10.000000, cx_out: 0.020016, cy: 552.000000, cy_error: 12.000000, cy_out: 0.024016, dt: 99.289490, area_speed: -0.258339, area: 663282.000000
cx: 976.000000, cx_error: 16.000000, cx_out: 0.032016, cy: 553.000000, cy_error: 13.000000, cy_out: 0.026016, dt: 100.725403, area_speed: -0.258544, area: 678342.000000
cx: 978.000000, cx_error: 18.000000, cx_out: 0.036016, cy: 549.000000, cy_error: 9.000000, cy_out: 0.018016, dt: 100.250671, area_speed: -0.258322, area: 698634.000000
cx: 978.000000, cx_error: 18.000000, cx_out: 0.036016, cy: 542.000000, cy_error: 2.000000, cy_out: 0.004016, dt: 98.976685, area_speed: -0.257824, area: 715008.000000
cx: 979.000000, cx_error: 19.000000, cx_out: 0.037984, cy: 545.000000, cy_error: 5.000000, cy_out: 0.009984, dt: -900.904358, area_speed: -0.257076, area: 701454.000000
cx: 978.000000, cx_error: 18.000000, cx_out: 0.036016, cy: 540.000000, cy_error: 0.000000, cy_out: 0.000016, dt: 100.228508, area_speed: -0.255911, area: 713286.000000
cx: 973.000000, cx_error: 13.000000, cx_out: 0.026016, cy: 539.000000, cy_error: -1.000000, cy_out: -0.002016, dt: 100.823288, area_speed: -0.254843, area: 683091.000000
cx: 957.000000, cx_error: -3.000000, cx_out: -0.006016, cy: 542.000000, cy_error: 2.000000, cy_out: 0.004016, dt: 100.876038, area_speed: -0.253644, area: 683088.000000
cx: 942.000000, cx_error: -18.000000, cx_out: -0.036016, cy: 535.000000, cy_error: -5.000000, cy_out: -0.010016, dt: 99.039734, area_speed: -0.252586, area: 734850.000000
cx: 973.000000, cx_error: 13.000000, cx_out: 0.026016, cy: 537.000000, cy_error: -3.000000, cy_out: -0.006016, dt: 98.761566, area_speed: -0.252161, area: 800784.000000
cx: 1012.000000, cx_error: 52.000000, cx_out: 0.104016, cy: 542.000000, cy_error: 2.000000, cy_out: 0.004016, dt: 101.488342, area_speed: -0.251071, area: 836244.000000
cx: 1026.000000, cx_error: 66.000000, cx_out: 0.132016, cy: 551.000000, cy_error: 11.000000, cy_out: 0.022016, dt: 100.274048, area_speed: -0.249231, area: 801024.000000
cx: 1029.000000, cx_error: 69.000000, cx_out: 0.138016, cy: 552.000000, cy_error: 12.000000, cy_out: 0.024016, dt: 99.775452, area_speed: -0.246422, area: 789264.000000
cx: 1023.000000, cx_error: 63.000000, cx_out: 0.126016, cy: 538.000000, cy_error: -2.000000, cy_out: -0.004016, dt: 99.658752, area_speed: -0.243799, area: 786900.000000
cx: 1024.000000, cx_error: 64.000000, cx_out: 0.127984, cy: 540.000000, cy_error: 0.000000, cy_out: -0.000016, dt: -899.721497, area_speed: -0.241193, area: 777225.000000
cx: 1012.000000, cx_error: 52.000000, cx_out: 0.104016, cy: 539.000000, cy_error: -1.000000, cy_out: -0.002016, dt: 99.518959, area_speed: -0.238572, area: 765039.000000
cx: 988.000000, cx_error: 28.000000, cx_out: 0.056016, cy: 539.000000, cy_error: -1.000000, cy_out: -0.002016, dt: 100.567993, area_speed: -0.236787, area: 788655.000000
cx: 957.000000, cx_error: -3.000000, cx_out: -0.006016, cy: 538.000000, cy_error: -2.000000, cy_out: -0.004016, dt: 98.561920, area_speed: -0.235298, area: 844272.000000
cx: 930.000000, cx_error: -30.000000, cx_out: -0.060016, cy: 539.000000, cy_error: -1.000000, cy_out: -0.002016, dt: 101.163971, area_speed: 0.078328, area: 901320.000000
cx: 934.000000, cx_error: -26.000000, cx_out: -0.052016, cy: 540.000000, cy_error: 0.000000, cy_out: -0.000016, dt: 98.517090, area_speed: -0.235425, area: 857871.000000
cx: 930.000000, cx_error: -30.000000, cx_out: -0.060016, cy: 541.000000, cy_error: 1.000000, cy_out: 0.002016, dt: 101.758728, area_speed: 0.078661, area: 869130.000000
cx: 901.000000, cx_error: -59.000000, cx_out: -0.118016, cy: 544.000000, cy_error: 4.000000, cy_out: 0.008016, dt: 99.996460, area_speed: 0.079541, area: 877968.000000
cx: 865.000000, cx_error: -95.000000, cx_out: -0.190016, cy: 544.000000, cy_error: 4.000000, cy_out: 0.008016, dt: 100.037048, area_speed: 0.080027, area: 887508.000000
cx: 858.000000, cx_error: -102.000000, cx_out: -0.204016, cy: 541.000000, cy_error: 1.000000, cy_out: 0.002016, dt: 98.869629, area_speed: 0.080834, area: 878832.000000
cx: 877.000000, cx_error: -83.000000, cx_out: -0.165984, cy: 541.000000, cy_error: 1.000000, cy_out: 0.001984, dt: -900.136597, area_speed: -0.245438, area: 849753.000000
cx: 922.000000, cx_error: -38.000000, cx_out: -0.076016, cy: 542.000000, cy_error: 2.000000, cy_out: 0.004016, dt: 101.275505, area_speed: -0.247802, area: 815925.000000
cx: 966.000000, cx_error: 6.000000, cx_out: 0.012016, cy: 534.000000, cy_error: -6.000000, cy_out: -0.012016, dt: 99.871368, area_speed: -0.248936, area: 833040.000000
cx: 996.000000, cx_error: 36.000000, cx_out: 0.072016, cy: 513.000000, cy_error: -27.000000, cy_out: -0.054016, dt: 99.078064, area_speed: -0.248532, area: 819546.000000
cx: 1020.000000, cx_error: 60.000000, cx_out: 0.120016, cy: 510.000000, cy_error: -30.000000, cy_out: -0.060016, dt: 101.546143, area_speed: -0.247149, area: 856800.000000
cx: 1018.000000, cx_error: 58.000000, cx_out: 0.116016, cy: 522.000000, cy_error: -18.000000, cy_out: -0.036016, dt: 98.356171, area_speed: -0.244385, area: 861300.000000
cx: 1059.000000, cx_error: 99.000000, cx_out: 0.198016, cy: 529.000000, cy_error: -11.000000, cy_out: -0.022016, dt: 101.679443, area_speed: 0.080567, area: 966654.000000
cx: 1012.000000, cx_error: 52.000000, cx_out: 0.104016, cy: 540.000000, cy_error: 0.000000, cy_out: 0.000016, dt: 98.145630, area_speed: -0.237796, area: 857871.000000
cx: 1012.000000, cx_error: 52.000000, cx_out: 0.104016, cy: 538.000000, cy_error: -2.000000, cy_out: -0.004016, dt: 99.771118, area_speed: 0.078214, area: 907068.000000
cx: 1030.000000, cx_error: 70.000000, cx_out: 0.140016, cy: 540.000000, cy_error: 0.000000, cy_out: 0.000016, dt: 100.952820, area_speed: 0.077383, area: 925575.000000
cx: 1041.000000, cx_error: 81.000000, cx_out: 0.161984, cy: 539.000000, cy_error: -1.000000, cy_out: -0.001984, dt: -900.056091, area_speed: 0.076447, area: 936990.000000
cx: 1054.000000, cx_error: 94.000000, cx_out: 0.188016, cy: 539.000000, cy_error: -1.000000, cy_out: -0.002016, dt: 98.604042, area_speed: 0.075386, area: 946683.000000
cx: 1072.000000, cx_error: 112.000000, cx_out: 0.224016, cy: 538.000000, cy_error: -2.000000, cy_out: -0.004016, dt: 100.599274, area_speed: 0.074181, area: 952260.000000
cx: 1098.000000, cx_error: 138.000000, cx_out: 0.276016, cy: 540.000000, cy_error: 0.000000, cy_out: 0.000016, dt: 100.004272, area_speed: 0.072854, area: 912834.000000
cx: 1098.000000, cx_error: 138.000000, cx_out: 0.276016, cy: 540.000000, cy_error: 0.000000, cy_out: 0.000016, dt: 101.302917, area_speed: 0.071269, area: 907200.000000
cx: 1551.000000, cx_error: 591.000000, cx_out: 1.182016, cy: 538.000000, cy_error: -2.000000, cy_out: -0.004016, dt: 100.095703, area_speed: -0.225871, area: 776820.000000
cx: 1512.000000, cx_error: 552.000000, cx_out: 1.103984, cy: 541.000000, cy_error: 1.000000, cy_out: 0.001984, dt: -900.802063, area_speed: 0.069594, area: 869130.000000
cx: 1275.000000, cx_error: 315.000000, cx_out: 0.630016, cy: 762.000000, cy_error: 222.000000, cy_out: 0.444016, dt: 100.024040, area_speed: -0.183998, area: 798846.000000
cx: 897.000000, cx_error: -63.000000, cx_out: -0.126016, cy: 547.000000, cy_error: 7.000000, cy_out: 0.014016, dt: 100.376846, area_speed: 0.055479, area: 1650564.000000
cx: 544.000000, cx_error: -416.000000, cx_out: -0.832016, cy: 538.000000, cy_error: -2.000000, cy_out: -0.004016, dt: 99.870361, area_speed: 0.053542, area: 1096914.000000
cx: 448.000000, cx_error: -512.000000, cx_out: -1.024016, cy: 525.000000, cy_error: -15.000000, cy_out: -0.030016, dt: 100.838806, area_speed: 0.057152, area: 942747.000000
cx: 406.000000, cx_error: -554.000000, cx_out: -1.108016, cy: 528.000000, cy_error: -12.000000, cy_out: -0.024016, dt: 98.215088, area_speed: -0.193210, area: 850398.000000
cx: 414.000000, cx_error: -546.000000, cx_out: -1.092016, cy: 518.000000, cy_error: -22.000000, cy_out: -0.044016, dt: 100.209656, area_speed: -0.215789, area: 851592.000000
cx: 454.000000, cx_error: -506.000000, cx_out: -1.012016, cy: 520.000000, cy_error: -20.000000, cy_out: -0.040016, dt: 99.937561, area_speed: 0.077999, area: 946269.000000
cx: 802.000000, cx_error: -158.000000, cx_out: -0.315984, cy: 607.000000, cy_error: 67.000000, cy_out: 0.133984, dt: -900.126831, area_speed: 0.086055, area: 1499070.000000
cx: 819.000000, cx_error: -141.000000, cx_out: -0.282016, cy: 581.000000, cy_error: 41.000000, cy_out: 0.082016, dt: 100.564453, area_speed: 0.086901, area: 1574232.000000
cx: 589.000000, cx_error: -371.000000, cx_out: -0.742016, cy: 535.000000, cy_error: -5.000000, cy_out: -0.010016, dt: 99.688995, area_speed: 0.088076, area: 1089207.000000
cx: 840.000000, cx_error: -120.000000, cx_out: -0.240016, cy: 555.000000, cy_error: 15.000000, cy_out: 0.030016, dt: 100.468079, area_speed: 0.090608, area: 1536150.000000
cx: 897.000000, cx_error: -63.000000, cx_out: -0.126016, cy: 539.000000, cy_error: -1.000000, cy_out: -0.002016, dt: 98.424530, area_speed: 0.091936, area: 1241856.000000
cx: 901.000000, cx_error: -59.000000, cx_out: -0.118016, cy: 538.000000, cy_error: -2.000000, cy_out: -0.004016, dt: 101.349823, area_speed: 0.092408, area: 1112625.000000
cx: 961.000000, cx_error: 1.000000, cx_out: 0.002016, cy: 539.000000, cy_error: -1.000000, cy_out: -0.002016, dt: 99.612793, area_speed: 0.092608, area: 1114695.000000
cx: 996.000000, cx_error: 36.000000, cx_out: 0.072016, cy: 537.000000, cy_error: -3.000000, cy_out: -0.006016, dt: 99.934326, area_speed: 0.092525, area: 1153476.000000
cx: 910.000000, cx_error: -50.000000, cx_out: -0.100016, cy: 539.000000, cy_error: -1.000000, cy_out: -0.002016, dt: 100.144409, area_speed: 0.092063, area: 1355046.000000
cx: 900.000000, cx_error: -60.000000, cx_out: -0.120016, cy: 538.000000, cy_error: -2.000000, cy_out: -0.004016, dt: 98.430908, area_speed: 0.091930, area: 1239060.000000
cx: 867.000000, cx_error: -93.000000, cx_out: -0.185984, cy: 534.000000, cy_error: -6.000000, cy_out: -0.011984, dt: -899.729858, area_speed: 0.092032, area: 1186590.000000
cx: 766.000000, cx_error: -194.000000, cx_out: -0.388016, cy: 541.000000, cy_error: 1.000000, cy_out: 0.002016, dt: 100.639153, area_speed: 0.092377, area: 1198701.000000
cx: 675.000000, cx_error: -285.000000, cx_out: -0.570016, cy: 548.000000, cy_error: 8.000000, cy_out: 0.016016, dt: 100.976044, area_speed: 0.093179, area: 1102500.000000
cx: 619.000000, cx_error: -341.000000, cx_out: -0.682016, cy: 537.000000, cy_error: -3.000000, cy_out: -0.006016, dt: 100.278412, area_speed: 0.094603, area: 1059051.000000
cx: 580.000000, cx_error: -380.000000, cx_out: -0.760016, cy: 537.000000, cy_error: -3.000000, cy_out: -0.006016, dt: 98.562744, area_speed: 0.096273, area: 1040706.000000
cx: 634.000000, cx_error: -326.000000, cx_out: -0.652016, cy: 536.000000, cy_error: -4.000000, cy_out: -0.008016, dt: 100.364380, area_speed: 0.097831, area: 924222.000000
cx: 712.000000, cx_error: -248.000000, cx_out: -0.496016, cy: 533.000000, cy_error: -7.000000, cy_out: -0.014016, dt: 101.106262, area_speed: 0.098926, area: 866658.000000
cx: 940.000000, cx_error: -20.000000, cx_out: -0.040016, cy: 553.000000, cy_error: 13.000000, cy_out: 0.026016, dt: 100.110168, area_speed: 0.099509, area: 1158633.000000
cx: 931.000000, cx_error: -29.000000, cx_out: -0.058016, cy: 556.000000, cy_error: 16.000000, cy_out: 0.032016, dt: 98.555176, area_speed: 0.099616, area: 1041957.000000
cx: 1033.000000, cx_error: 73.000000, cx_out: 0.146016, cy: 562.000000, cy_error: 22.000000, cy_out: 0.044016, dt: 100.409180, area_speed: 0.099599, area: 918621.000000
cx: 1038.000000, cx_error: 78.000000, cx_out: 0.155984, cy: 567.000000, cy_error: 27.000000, cy_out: 0.053984, dt: -900.057495, area_speed: 0.099463, area: 922500.000000
cx: 1041.000000, cx_error: 81.000000, cx_out: 0.162016, cy: 558.000000, cy_error: 18.000000, cy_out: 0.036016, dt: 99.820290, area_speed: 0.099184, area: 944832.000000
cx: 1002.000000, cx_error: 42.000000, cx_out: 0.084016, cy: 572.000000, cy_error: 32.000000, cy_out: 0.064016, dt: 100.513290, area_speed: -0.296449, area: 731520.000000
cx: 981.000000, cx_error: 21.000000, cx_out: 0.042016, cy: 577.000000, cy_error: 37.000000, cy_out: 0.074016, dt: 99.565033, area_speed: -0.295426, area: 760536.000000
cx: 975.000000, cx_error: 15.000000, cx_out: 0.030016, cy: 567.000000, cy_error: 27.000000, cy_out: 0.054016, dt: 99.251312, area_speed: -0.294620, area: 797004.000000
cx: 966.000000, cx_error: 6.000000, cx_out: 0.012016, cy: 546.000000, cy_error: 6.000000, cy_out: 0.012016, dt: 101.582336, area_speed: -0.293903, area: 845064.000000
cx: 969.000000, cx_error: 9.000000, cx_out: 0.018016, cy: 541.000000, cy_error: 1.000000, cy_out: 0.002016, dt: 98.973267, area_speed: -0.293340, area: 859446.000000
cx: 979.000000, cx_error: 19.000000, cx_out: 0.038016, cy: 540.000000, cy_error: 0.000000, cy_out: 0.000016, dt: 101.046265, area_speed: -0.292713, area: 857805.000000
cx: 975.000000, cx_error: 15.000000, cx_out: 0.030016, cy: 547.000000, cy_error: 7.000000, cy_out: 0.014016, dt: 100.373047, area_speed: -0.291987, area: 850632.000000
cx: 979.000000, cx_error: 19.000000, cx_out: 0.038016, cy: 559.000000, cy_error: 19.000000, cy_out: 0.038016, dt: 99.772278, area_speed: -0.291243, area: 840894.000000
cx: 982.000000, cx_error: 22.000000, cx_out: 0.043984, cy: 565.000000, cy_error: 25.000000, cy_out: 0.049984, dt: -900.126282, area_speed: -0.290426, area: 815670.000000
cx: 1000.000000, cx_error: 40.000000, cx_out: 0.080016, cy: 556.000000, cy_error: 16.000000, cy_out: 0.032016, dt: 99.908928, area_speed: -0.289523, area: 854217.000000
cx: 1003.000000, cx_error: 43.000000, cx_out: 0.086016, cy: 553.000000, cy_error: 13.000000, cy_out: 0.026016, dt: 99.882950, area_speed: -0.288530, area: 715854.000000
cx: 1008.000000, cx_error: 48.000000, cx_out: 0.096016, cy: 556.000000, cy_error: 16.000000, cy_out: 0.032016, dt: 99.627563, area_speed: -0.287257, area: 741276.000000
cx: 979.000000, cx_error: 19.000000, cx_out: 0.038016, cy: 556.000000, cy_error: 16.000000, cy_out: 0.032016, dt: 99.991180, area_speed: -0.285909, area: 832365.000000
cx: 1003.000000, cx_error: 43.000000, cx_out: 0.086016, cy: 561.000000, cy_error: 21.000000, cy_out: 0.042016, dt: 100.099335, area_speed: -0.284916, area: 805749.000000
cx: 1015.000000, cx_error: 55.000000, cx_out: 0.110016, cy: 581.000000, cy_error: 41.000000, cy_out: 0.082016, dt: 99.746582, area_speed: -0.283795, area: 787422.000000
cx: 1005.000000, cx_error: 45.000000, cx_out: 0.090016, cy: 577.000000, cy_error: 37.000000, cy_out: 0.074016, dt: 100.500183, area_speed: -0.282380, area: 810288.000000
cx: 987.000000, cx_error: 27.000000, cx_out: 0.054016, cy: 580.000000, cy_error: 40.000000, cy_out: 0.080016, dt: 99.188721, area_speed: -0.281041, area: 821178.000000
cx: 972.000000, cx_error: 12.000000, cx_out: 0.024016, cy: 576.000000, cy_error: 36.000000, cy_out: 0.072016, dt: 99.487366, area_speed: -0.280057, area: 825288.000000
cx: 957.000000, cx_error: -3.000000, cx_out: -0.005984, cy: 560.000000, cy_error: 20.000000, cy_out: 0.039984, dt: -898.667236, area_speed: 0.093116, area: 895104.000000
cx: 945.000000, cx_error: -15.000000, cx_out: -0.030016, cy: 565.000000, cy_error: 25.000000, cy_out: 0.050016, dt: 99.704376, area_speed: 0.093001, area: 906648.000000
cx: 925.000000, cx_error: -35.000000, cx_out: -0.070016, cy: 593.000000, cy_error: 53.000000, cy_out: 0.106016, dt: 100.183914, area_speed: 0.092972, area: 898263.000000
cx: 885.000000, cx_error: -75.000000, cx_out: -0.150016, cy: 657.000000, cy_error: 117.000000, cy_out: 0.234016, dt: 100.045868, area_speed: -0.279283, area: 807360.000000
cx: 861.000000, cx_error: -99.000000, cx_out: -0.198016, cy: 653.000000, cy_error: 113.000000, cy_out: 0.226016, dt: 99.938110, area_speed: -0.280434, area: 795990.000000
cx: 792.000000, cx_error: -168.000000, cx_out: -0.336016, cy: 603.000000, cy_error: 63.000000, cy_out: 0.126016, dt: 100.718231, area_speed: 0.093985, area: 963300.000000
cx: 799.000000, cx_error: -161.000000, cx_out: -0.322016, cy: 538.000000, cy_error: -2.000000, cy_out: -0.004016, dt: 99.964478, area_speed: 0.094821, area: 1125525.000000
cx: 831.000000, cx_error: -129.000000, cx_out: -0.258016, cy: 537.000000, cy_error: -3.000000, cy_out: -0.006016, dt: 98.595154, area_speed: 0.095750, area: 1166364.000000
cx: 919.000000, cx_error: -41.000000, cx_out: -0.082016, cy: 539.000000, cy_error: -1.000000, cy_out: -0.002016, dt: 100.307678, area_speed: 0.096462, area: 1115127.000000
cx: 1008.000000, cx_error: 48.000000, cx_out: 0.096016, cy: 549.000000, cy_error: 9.000000, cy_out: 0.018016, dt: 100.777527, area_speed: 0.096780, area: 1088862.000000
cx: 1105.000000, cx_error: 145.000000, cx_out: 0.289984, cy: 550.000000, cy_error: 10.000000, cy_out: 0.019984, dt: -900.991516, area_speed: 0.096680, area: 1123575.000000
cx: 1173.000000, cx_error: 213.000000, cx_out: 0.426016, cy: 555.000000, cy_error: 15.000000, cy_out: 0.030016, dt: 102.134796, area_speed: 0.096161, area: 1198716.000000
cx: 1195.000000, cx_error: 235.000000, cx_out: 0.470016, cy: 556.000000, cy_error: 16.000000, cy_out: 0.032016, dt: 100.301193, area_speed: 0.095060, area: 1248471.000000
cx: 1138.000000, cx_error: 178.000000, cx_out: 0.356016, cy: 544.000000, cy_error: 4.000000, cy_out: 0.008016, dt: 99.054077, area_speed: 0.093578, area: 1302807.000000
cx: 1069.000000, cx_error: 109.000000, cx_out: 0.218016, cy: 551.000000, cy_error: 11.000000, cy_out: 0.022016, dt: 99.164948, area_speed: 0.092113, area: 1266759.000000
cx: 960.000000, cx_error: 0.000000, cx_out: 0.000016, cy: 557.000000, cy_error: 17.000000, cy_out: 0.034016, dt: 99.735413, area_speed: 0.091026, area: 1242954.000000
cx: 840.000000, cx_error: -120.000000, cx_out: -0.240016, cy: 539.000000, cy_error: -1.000000, cy_out: -0.002016, dt: 99.041199, area_speed: 0.090686, area: 1240704.000000
cx: 783.000000, cx_error: -177.000000, cx_out: -0.354016, cy: 540.000000, cy_error: 0.000000, cy_out: -0.000016, dt: 100.576416, area_speed: 0.091291, area: 1275378.000000
cx: 808.000000, cx_error: -152.000000, cx_out: -0.304016, cy: 539.000000, cy_error: -1.000000, cy_out: -0.002016, dt: 100.890381, area_speed: 0.092509, area: 1361514.000000
cx: 870.000000, cx_error: -90.000000, cx_out: -0.180016, cy: 538.000000, cy_error: -2.000000, cy_out: -0.004016, dt: 99.987061, area_speed: 0.093514, area: 1349304.000000
cx: 969.000000, cx_error: 9.000000, cx_out: 0.017984, cy: 543.000000, cy_error: 3.000000, cy_out: 0.005984, dt: -901.542847, area_speed: 0.094262, area: 1335360.000000
cx: 1051.000000, cx_error: 91.000000, cx_out: 0.182016, cy: 554.000000, cy_error: 14.000000, cy_out: 0.028016, dt: 100.341324, area_speed: 0.094459, area: 1286019.000000
cx: 1053.000000, cx_error: 93.000000, cx_out: 0.186016, cy: 559.000000, cy_error: 19.000000, cy_out: 0.038016, dt: 100.952469, area_speed: 0.094053, area: 1270512.000000
cx: 1042.000000, cx_error: 82.000000, cx_out: 0.164016, cy: 555.000000, cy_error: 15.000000, cy_out: 0.030016, dt: 98.418457, area_speed: 0.093482, area: 1264614.000000
cx: 994.000000, cx_error: 34.000000, cx_out: 0.068016, cy: 556.000000, cy_error: 16.000000, cy_out: 0.032016, dt: 101.533875, area_speed: 0.092794, area: 1267245.000000
cx: 985.000000, cx_error: 25.000000, cx_out: 0.050016, cy: 561.000000, cy_error: 21.000000, cy_out: 0.042016, dt: 100.097046, area_speed: 0.092450, area: 1219365.000000
cx: 967.000000, cx_error: 7.000000, cx_out: 0.014016, cy: 555.000000, cy_error: 15.000000, cy_out: 0.030016, dt: 98.106262, area_speed: 0.092182, area: 1221093.000000
cx: 948.000000, cx_error: -12.000000, cx_out: -0.024016, cy: 564.000000, cy_error: 24.000000, cy_out: 0.048016, dt: 101.761414, area_speed: 0.092031, area: 1171920.000000
cx: 957.000000, cx_error: -3.000000, cx_out: -0.006016, cy: 567.000000, cy_error: 27.000000, cy_out: 0.054016, dt: 100.300720, area_speed: 0.092041, area: 1163940.000000
cx: 960.000000, cx_error: 0.000000, cx_out: 0.000016, cy: 569.000000, cy_error: 29.000000, cy_out: 0.058016, dt: 98.802917, area_speed: 0.092060, area: 1136088.000000
cx: 955.000000, cx_error: -5.000000, cx_out: -0.009984, cy: 544.000000, cy_error: 4.000000, cy_out: 0.007984, dt: -899.082214, area_speed: 0.092072, area: 1174767.000000
cx: 975.000000, cx_error: 15.000000, cx_out: 0.030016, cy: 540.000000, cy_error: 0.000000, cy_out: 0.000016, dt: 100.182793, area_speed: 0.092119, area: 1270080.000000
cx: 996.000000, cx_error: 36.000000, cx_out: 0.072016, cy: 539.000000, cy_error: -1.000000, cy_out: -0.002016, dt: 100.905212, area_speed: 0.092062, area: 1287132.000000
cx: 1009.000000, cx_error: 49.000000, cx_out: 0.098016, cy: 540.000000, cy_error: 0.000000, cy_out: 0.000016, dt: 98.148163, area_speed: 0.091844, area: 1318680.000000
cx: 1006.000000, cx_error: 46.000000, cx_out: 0.092016, cy: 539.000000, cy_error: -1.000000, cy_out: -0.002016, dt: 101.671265, area_speed: 0.091486, area: 1353789.000000
cx: 963.000000, cx_error: 3.000000, cx_out: 0.006016, cy: 535.000000, cy_error: -5.000000, cy_out: -0.010016, dt: 99.333862, area_speed: 0.091101, area: 1304478.000000
cx: 919.000000, cx_error: -41.000000, cx_out: -0.082016, cy: 538.000000, cy_error: -2.000000, cy_out: -0.004016, dt: 100.309204, area_speed: 0.090978, area: 1365444.000000
cx: 898.000000, cx_error: -62.000000, cx_out: -0.124016, cy: 538.000000, cy_error: -2.000000, cy_out: -0.004016, dt: 100.270264, area_speed: 0.091175, area: 1384812.000000
cx: 942.000000, cx_error: -18.000000, cx_out: -0.036016, cy: 538.000000, cy_error: -2.000000, cy_out: -0.004016, dt: 98.449951, area_speed: 0.091536, area: 1380300.000000
cx: 1018.000000, cx_error: 58.000000, cx_out: 0.116016, cy: 540.000000, cy_error: 0.000000, cy_out: 0.000016, dt: 101.903625, area_speed: 0.091838, area: 1428840.000000
cx: 1042.000000, cx_error: 82.000000, cx_out: 0.163984, cy: 540.000000, cy_error: 0.000000, cy_out: -0.000016, dt: -902.007080, area_speed: 0.091621, area: 1389960.000000
cx: 1093.000000, cx_error: 133.000000, cx_out: 0.266016, cy: 540.000000, cy_error: 0.000000, cy_out: 0.000016, dt: 100.058662, area_speed: 0.091130, area: 1415880.000000
cx: 1090.000000, cx_error: 130.000000, cx_out: 0.260016, cy: 540.000000, cy_error: 0.000000, cy_out: 0.000016, dt: 101.134064, area_speed: 0.090218, area: 1448280.000000
cx: 1057.000000, cx_error: 97.000000, cx_out: 0.194016, cy: 539.000000, cy_error: -1.000000, cy_out: -0.002016, dt: 101.154694, area_speed: 0.089257, area: 1445598.000000
cx: 979.000000, cx_error: 19.000000, cx_out: 0.038016, cy: 540.000000, cy_error: 0.000000, cy_out: 0.000016, dt: 99.961060, area_speed: 0.088297, area: 1513080.000000
cx: 1003.000000, cx_error: 43.000000, cx_out: 0.086016, cy: 538.000000, cy_error: -2.000000, cy_out: -0.004016, dt: 99.578979, area_speed: 0.087937, area: 1455828.000000
cx: 1012.000000, cx_error: 52.000000, cx_out: 0.104016, cy: 538.000000, cy_error: -2.000000, cy_out: -0.004016, dt: 99.207458, area_speed: 0.087633, area: 1480275.000000
cx: 987.000000, cx_error: 27.000000, cx_out: 0.054016, cy: 538.000000, cy_error: -2.000000, cy_out: -0.004016, dt: 100.293579, area_speed: 0.087233, area: 1459056.000000
cx: 1065.000000, cx_error: 105.000000, cx_out: 0.210016, cy: 535.000000, cy_error: -5.000000, cy_out: -0.010016, dt: 101.070068, area_speed: 0.086950, area: 1580796.000000
cx: 1081.000000, cx_error: 121.000000, cx_out: 0.242016, cy: 537.000000, cy_error: -3.000000, cy_out: -0.006016, dt: 99.629700, area_speed: 0.086197, area: 1639998.000000
cx: 1024.000000, cx_error: 64.000000, cx_out: 0.127984, cy: 539.000000, cy_error: -1.000000, cy_out: -0.001984, dt: -900.474670, area_speed: 0.085143, area: 1573497.000000
cx: 1009.000000, cx_error: 49.000000, cx_out: 0.098016, cy: 540.000000, cy_error: 0.000000, cy_out: 0.000016, dt: 100.388115, area_speed: 0.084388, area: 1589925.000000
cx: 1087.000000, cx_error: 127.000000, cx_out: 0.254016, cy: 537.000000, cy_error: -3.000000, cy_out: -0.006016, dt: 100.774551, area_speed: 0.083857, area: 1786545.000000
cx: 876.000000, cx_error: -84.000000, cx_out: -0.168016, cy: 539.000000, cy_error: -1.000000, cy_out: -0.002016, dt: 96.543671, area_speed: 0.082934, area: 1733424.000000
cx: 901.000000, cx_error: -59.000000, cx_out: -0.118016, cy: 541.000000, cy_error: 1.000000, cy_out: 0.002016, dt: 99.881744, area_speed: 0.082941, area: 1416714.000000
cx: 921.000000, cx_error: -39.000000, cx_out: -0.078016, cy: 547.000000, cy_error: 7.000000, cy_out: 0.014016, dt: 102.686829, area_speed: 0.083765, area: 1437750.000000
cx: 828.000000, cx_error: -132.000000, cx_out: -0.264016, cy: 553.000000, cy_error: 13.000000, cy_out: 0.026016, dt: 97.960022, area_speed: 0.084278, area: 1503684.000000
cx: 819.000000, cx_error: -141.000000, cx_out: -0.282016, cy: 546.000000, cy_error: 6.000000, cy_out: 0.012016, dt: 101.151672, area_speed: 0.085221, area: 1577280.000000
cx: 906.000000, cx_error: -54.000000, cx_out: -0.108016, cy: 549.000000, cy_error: 9.000000, cy_out: 0.018016, dt: 98.799316, area_speed: 0.086619, area: 1542024.000000
cx: 943.000000, cx_error: -17.000000, cx_out: -0.034016, cy: 544.000000, cy_error: 4.000000, cy_out: 0.008016, dt: 101.631104, area_speed: 0.087467, area: 1849200.000000
cx: 1065.000000, cx_error: 105.000000, cx_out: 0.209984, cy: 571.000000, cy_error: 31.000000, cy_out: 0.061984, dt: -900.112183, area_speed: 0.087765, area: 1454076.000000
cx: 1099.000000, cx_error: 139.000000, cx_out: 0.278016, cy: 578.000000, cy_error: 38.000000, cy_out: 0.076016, dt: 98.240341, area_speed: 0.087101, area: 1519545.000000
cx: 1084.000000, cx_error: 124.000000, cx_out: 0.248016, cy: 548.000000, cy_error: 8.000000, cy_out: 0.016016, dt: 100.711487, area_speed: 0.085926, area: 1739640.000000
cx: 1045.000000, cx_error: 85.000000, cx_out: 0.170016, cy: 553.000000, cy_error: 13.000000, cy_out: 0.026016, dt: 99.408813, area_speed: 0.084608, area: 1660050.000000
cx: 942.000000, cx_error: -18.000000, cx_out: -0.036016, cy: 548.000000, cy_error: 8.000000, cy_out: 0.016016, dt: 99.842102, area_speed: 0.083634, area: 1819440.000000
cx: 900.000000, cx_error: -60.000000, cx_out: -0.120016, cy: 557.000000, cy_error: 17.000000, cy_out: 0.034016, dt: 101.800385, area_speed: 0.083314, area: 1768140.000000
cx: 921.000000, cx_error: -39.000000, cx_out: -0.078016, cy: 554.000000, cy_error: 14.000000, cy_out: 0.028016, dt: 98.478394, area_speed: 0.083710, area: 1925160.000000
cx: 891.000000, cx_error: -69.000000, cx_out: -0.138016, cy: 574.000000, cy_error: 34.000000, cy_out: 0.068016, dt: 101.125488, area_speed: 0.084161, area: 1740942.000000
cx: 928.000000, cx_error: -32.000000, cx_out: -0.064016, cy: 584.000000, cy_error: 44.000000, cy_out: 0.088016, dt: 100.719055, area_speed: 0.084826, area: 1727313.000000
cx: 924.000000, cx_error: -36.000000, cx_out: -0.072016, cy: 553.000000, cy_error: 13.000000, cy_out: 0.026016, dt: 99.927795, area_speed: 0.085331, area: 1926990.000000
cx: 955.000000, cx_error: -5.000000, cx_out: -0.009984, cy: 558.000000, cy_error: 18.000000, cy_out: 0.035984, dt: -900.341003, area_speed: 0.085734, area: 1937520.000000
cx: 1045.000000, cx_error: 85.000000, cx_out: 0.170016, cy: 582.000000, cy_error: 42.000000, cy_out: 0.084016, dt: 99.436958, area_speed: 0.086034, area: 1715421.000000
cx: 1047.000000, cx_error: 87.000000, cx_out: 0.174016, cy: 546.000000, cy_error: 6.000000, cy_out: 0.012016, dt: 100.718842, area_speed: 0.085690, area: 1843776.000000
cx: 1096.000000, cx_error: 136.000000, cx_out: 0.272016, cy: 550.000000, cy_error: 10.000000, cy_out: 0.020016, dt: 99.466949, area_speed: 0.084945, area: 1725111.000000
cx: 1090.000000, cx_error: 130.000000, cx_out: 0.260016, cy: 548.000000, cy_error: 8.000000, cy_out: 0.016016, dt: 98.612000, area_speed: 0.083792, area: 1765176.000000
cx: 1003.000000, cx_error: 43.000000, cx_out: 0.086016, cy: 541.000000, cy_error: 1.000000, cy_out: 0.002016, dt: 101.770050, area_speed: 0.082508, area: 1967679.000000
cx: 969.000000, cx_error: 9.000000, cx_out: 0.018016, cy: 540.000000, cy_error: 0.000000, cy_out: 0.000016, dt: 100.342224, area_speed: 0.081866, area: 2032836.000000
cx: 939.000000, cx_error: -21.000000, cx_out: -0.042016, cy: 544.000000, cy_error: 4.000000, cy_out: 0.008016, dt: 99.104858, area_speed: 0.081699, area: 2006784.000000
cx: 931.000000, cx_error: -29.000000, cx_out: -0.058016, cy: 540.000000, cy_error: 0.000000, cy_out: -0.000016, dt: 98.833557, area_speed: 0.081873, area: 1953720.000000
cx: 975.000000, cx_error: 15.000000, cx_out: 0.030016, cy: 541.000000, cy_error: 1.000000, cy_out: 0.002016, dt: 102.323669, area_speed: 0.082270, area: 2022606.000000
cx: 921.000000, cx_error: -39.000000, cx_out: -0.077984, cy: 549.000000, cy_error: 9.000000, cy_out: 0.017984, dt: -900.663696, area_speed: 0.082357, area: 1956204.000000
cx: 924.000000, cx_error: -36.000000, cx_out: -0.072016, cy: 555.000000, cy_error: 15.000000, cy_out: 0.030016, dt: 98.758530, area_speed: 0.082741, area: 1915200.000000
cx: 913.000000, cx_error: -47.000000, cx_out: -0.094016, cy: 557.000000, cy_error: 17.000000, cy_out: 0.034016, dt: 100.822433, area_speed: 0.083238, area: 1826955.000000
cx: 943.000000, cx_error: -17.000000, cx_out: -0.034016, cy: 554.000000, cy_error: 14.000000, cy_out: 0.028016, dt: 100.308075, area_speed: 0.083757, area: 1644276.000000
cx: 1011.000000, cx_error: 51.000000, cx_out: 0.102016, cy: 544.000000, cy_error: 4.000000, cy_out: 0.008016, dt: 100.387817, area_speed: 0.084183, area: 1613304.000000
cx: 1107.000000, cx_error: 147.000000, cx_out: 0.294016, cy: 542.000000, cy_error: 2.000000, cy_out: 0.004016, dt: 99.007538, area_speed: 0.084097, area: 1541550.000000
cx: 1110.000000, cx_error: 150.000000, cx_out: 0.300016, cy: 540.000000, cy_error: 0.000000, cy_out: 0.000016, dt: 99.901611, area_speed: 0.083016, area: 1469598.000000
cx: 1077.000000, cx_error: 117.000000, cx_out: 0.234016, cy: 553.000000, cy_error: 13.000000, cy_out: 0.026016, dt: 99.714233, area_speed: 0.081565, area: 1241100.000000
cx: 1039.000000, cx_error: 79.000000, cx_out: 0.158016, cy: 541.000000, cy_error: 1.000000, cy_out: 0.002016, dt: 100.765137, area_speed: 0.080252, area: 1218087.000000
cx: 936.000000, cx_error: -24.000000, cx_out: -0.048016, cy: 499.000000, cy_error: -41.000000, cy_out: -0.082016, dt: 98.997131, area_speed: 0.079394, area: 1024974.000000
cx: 856.000000, cx_error: -104.000000, cx_out: -0.207984, cy: 523.000000, cy_error: -17.000000, cy_out: -0.033984, dt: -900.479492, area_speed: 0.079339, area: 1027107.000000
cx: 829.000000, cx_error: -131.000000, cx_out: -0.262016, cy: 502.000000, cy_error: -38.000000, cy_out: -0.076016, dt: 101.472664, area_speed: 0.080319, area: 955755.000000
cx: 831.000000, cx_error: -129.000000, cx_out: -0.258016, cy: 489.000000, cy_error: -51.000000, cy_out: -0.102016, dt: 100.358521, area_speed: 0.081923, area: 891936.000000
cx: 861.000000, cx_error: -99.000000, cx_out: -0.198016, cy: 541.000000, cy_error: 1.000000, cy_out: 0.002016, dt: 98.552277, area_speed: 0.083525, area: 975762.000000
cx: 930.000000, cx_error: -30.000000, cx_out: -0.060016, cy: 540.000000, cy_error: 0.000000, cy_out: -0.000016, dt: 99.851196, area_speed: 0.084861, area: 932256.000000
cx: 973.000000, cx_error: 13.000000, cx_out: 0.026016, cy: 539.000000, cy_error: -1.000000, cy_out: -0.002016, dt: 101.779419, area_speed: 0.085558, area: 920835.000000
cx: 994.000000, cx_error: 34.000000, cx_out: 0.068016, cy: 541.000000, cy_error: 1.000000, cy_out: 0.002016, dt: 99.827026, area_speed: 0.085773, area: 933759.000000
cx: 1021.000000, cx_error: 61.000000, cx_out: 0.122016, cy: 540.000000, cy_error: 0.000000, cy_out: 0.000016, dt: 99.472351, area_speed: 0.085737, area: 891000.000000
cx: 1027.000000, cx_error: 67.000000, cx_out: 0.134016, cy: 540.000000, cy_error: 0.000000, cy_out: 0.000016, dt: 99.886719, area_speed: 0.085396, area: 884520.000000
cx: 1068.000000, cx_error: 108.000000, cx_out: 0.216016, cy: 580.000000, cy_error: 40.000000, cy_out: 0.080016, dt: 99.646667, area_speed: -0.254790, area: 690432.000000
cx: 1048.000000, cx_error: 88.000000, cx_out: 0.175984, cy: 644.000000, cy_error: 104.000000, cy_out: 0.207984, dt: -899.569153, area_speed: -0.252355, area: 536544.000000
cx: 1003.000000, cx_error: 43.000000, cx_out: 0.086016, cy: 678.000000, cy_error: 138.000000, cy_out: 0.276016, dt: 98.212242, area_speed: -0.249976, area: 472800.000000
cx: 967.000000, cx_error: 7.000000, cx_out: 0.014016, cy: 712.000000, cy_error: 172.000000, cy_out: 0.344016, dt: 101.410126, area_speed: -0.248560, area: 417312.000000
cx: 930.000000, cx_error: -30.000000, cx_out: -0.060016, cy: 766.000000, cy_error: 226.000000, cy_out: 0.452016, dt: 100.369781, area_speed: -0.248205, area: 347634.000000
cx: 918.000000, cx_error: -42.000000, cx_out: -0.084016, cy: 812.000000, cy_error: 272.000000, cy_out: 0.544016, dt: 100.569672, area_speed: -0.248782, area: 290472.000000
cx: 915.000000, cx_error: -45.000000, cx_out: -0.090016, cy: 822.000000, cy_error: 282.000000, cy_out: 0.564016, dt: 99.941437, area_speed: -0.250163, area: 279006.000000
cx: 928.000000, cx_error: -32.000000, cx_out: -0.064016, cy: 803.000000, cy_error: 263.000000, cy_out: 0.526016, dt: 100.129028, area_speed: -0.251620, area: 304695.000000
cx: 964.000000, cx_error: 4.000000, cx_out: 0.008016, cy: 793.000000, cy_error: 253.000000, cy_out: 0.506016, dt: 99.904846, area_speed: -0.253070, area: 325458.000000
cx: 994.000000, cx_error: 34.000000, cx_out: 0.068016, cy: 776.000000, cy_error: 236.000000, cy_out: 0.472016, dt: 100.321777, area_speed: -0.253803, area: 333234.000000
cx: 1003.000000, cx_error: 43.000000, cx_out: 0.086016, cy: 749.000000, cy_error: 209.000000, cy_out: 0.418016, dt: 99.606262, area_speed: -0.253681, area: 380982.000000
cx: 990.000000, cx_error: 30.000000, cx_out: 0.059984, cy: 727.000000, cy_error: 187.000000, cy_out: 0.373984, dt: -899.861450, area_speed: -0.253072, area: 433836.000000
cx: 988.000000, cx_error: 28.000000, cx_out: 0.056016, cy: 709.000000, cy_error: 169.000000, cy_out: 0.338016, dt: 99.971298, area_speed: -0.252481, area: 448950.000000
cx: 981.000000, cx_error: 21.000000, cx_out: 0.042016, cy: 694.000000, cy_error: 154.000000, cy_out: 0.308016, dt: 99.848984, area_speed: -0.251748, area: 512736.000000
cx: 975.000000, cx_error: 15.000000, cx_out: 0.030016, cy: 685.000000, cy_error: 145.000000, cy_out: 0.290016, dt: 99.657837, area_speed: -0.251083, area: 549144.000000
cx: 988.000000, cx_error: 28.000000, cx_out: 0.056016, cy: 668.000000, cy_error: 128.000000, cy_out: 0.256016, dt: 100.789459, area_speed: -0.250608, area: 504300.000000
cx: 988.000000, cx_error: 28.000000, cx_out: 0.056016, cy: 657.000000, cy_error: 117.000000, cy_out: 0.234016, dt: 99.431549, area_speed: -0.250051, area: 529821.000000
cx: 987.000000, cx_error: 27.000000, cx_out: 0.054016, cy: 670.000000, cy_error: 130.000000, cy_out: 0.260016, dt: 99.968750, area_speed: -0.249268, area: 562350.000000
cx: 997.000000, cx_error: 37.000000, cx_out: 0.074016, cy: 671.000000, cy_error: 131.000000, cy_out: 0.262016, dt: 101.052917, area_speed: -0.248522, area: 556377.000000
cx: 981.000000, cx_error: 21.000000, cx_out: 0.042016, cy: 656.000000, cy_error: 116.000000, cy_out: 0.232016, dt: 100.039795, area_speed: -0.247455, area: 595296.000000
cx: 966.000000, cx_error: 6.000000, cx_out: 0.012016, cy: 657.000000, cy_error: 117.000000, cy_out: 0.234016, dt: 99.817322, area_speed: -0.246512, area: 598968.000000
cx: 957.000000, cx_error: -3.000000, cx_out: -0.005984, cy: 646.000000, cy_error: 106.000000, cy_out: 0.211984, dt: -899.707886, area_speed: -0.245977, area: 630168.000000
cx: 949.000000, cx_error: -11.000000, cx_out: -0.022016, cy: 639.000000, cy_error: 99.000000, cy_out: 0.198016, dt: 99.726128, area_speed: -0.245709, area: 652878.000000
cx: 943.000000, cx_error: -17.000000, cx_out: -0.034016, cy: 602.000000, cy_error: 62.000000, cy_out: 0.124016, dt: 99.861710, area_speed: -0.245642, area: 725220.000000
cx: 943.000000, cx_error: -17.000000, cx_out: -0.034016, cy: 589.000000, cy_error: 49.000000, cy_out: 0.098016, dt: 100.073914, area_speed: -0.245667, area: 756798.000000
cx: 961.000000, cx_error: 1.000000, cx_out: 0.002016, cy: 581.000000, cy_error: 41.000000, cy_out: 0.082016, dt: 99.864868, area_speed: -0.245737, area: 829338.000000
cx: 1029.000000, cx_error: 69.000000, cx_out: 0.138016, cy: 564.000000, cy_error: 24.000000, cy_out: 0.048016, dt: 99.625458, area_speed: 0.081777, area: 990720.000000
cx: 981.000000, cx_error: 21.000000, cx_out: 0.042016, cy: 565.000000, cy_error: 25.000000, cy_out: 0.050016, dt: 100.294250, area_speed: -0.243084, area: 763416.000000
cx: 1098.000000, cx_error: 138.000000, cx_out: 0.276016, cy: 631.000000, cy_error: 91.000000, cy_out: 0.182016, dt: 98.432495, area_speed: 0.080450, area: 916218.000000
cx: 1090.000000, cx_error: 130.000000, cx_out: 0.260016, cy: 656.000000, cy_error: 116.000000, cy_out: 0.232016, dt: 99.460693, area_speed: -0.236644, area: 765744.000000
cx: 1161.000000, cx_error: 201.000000, cx_out: 0.402016, cy: 653.000000, cy_error: 113.000000, cy_out: 0.226016, dt: 101.010620, area_speed: -0.231106, area: 798408.000000
cx: 1167.000000, cx_error: 207.000000, cx_out: 0.413984, cy: 625.000000, cy_error: 85.000000, cy_out: 0.169984, dt: -899.727417, area_speed: -0.224412, area: 784800.000000
cx: 1174.000000, cx_error: 214.000000, cx_out: 0.428016, cy: 561.000000, cy_error: 21.000000, cy_out: 0.042016, dt: 100.078346, area_speed: 0.071889, area: 866133.000000
cx: 1062.000000, cx_error: 102.000000, cx_out: 0.204016, cy: 562.000000, cy_error: 22.000000, cy_out: 0.044016, dt: 99.937378, area_speed: 0.068713, area: 1070178.000000
cx: 1095.000000, cx_error: 135.000000, cx_out: 0.270016, cy: 511.000000, cy_error: -29.000000, cy_out: -0.058016, dt: 99.754974, area_speed: -0.199377, area: 851076.000000
cx: 1078.000000, cx_error: 118.000000, cx_out: 0.236016, cy: 564.000000, cy_error: 24.000000, cy_out: 0.048016, dt: 100.508331, area_speed: -0.193099, area: 850587.000000
cx: 1038.000000, cx_error: 78.000000, cx_out: 0.156016, cy: 539.000000, cy_error: -1.000000, cy_out: -0.002016, dt: 100.237854, area_speed: -0.187129, area: 839982.000000
cx: 1000.000000, cx_error: 40.000000, cx_out: 0.080016, cy: 542.000000, cy_error: 2.000000, cy_out: 0.004016, dt: 99.791809, area_speed: 0.060874, area: 921621.000000
cx: 826.000000, cx_error: -134.000000, cx_out: -0.268016, cy: 544.000000, cy_error: 4.000000, cy_out: 0.008016, dt: 100.140930, area_speed: 0.059959, area: 1181169.000000
cx: 810.000000, cx_error: -150.000000, cx_out: -0.300016, cy: 545.000000, cy_error: 5.000000, cy_out: 0.010016, dt: 100.241089, area_speed: 0.060667, area: 1075854.000000
cx: 837.000000, cx_error: -123.000000, cx_out: -0.246016, cy: 577.000000, cy_error: 37.000000, cy_out: 0.074016, dt: 99.604492, area_speed: -0.188314, area: 855852.000000
cx: 814.000000, cx_error: -146.000000, cx_out: -0.291984, cy: 607.000000, cy_error: 67.000000, cy_out: 0.133984, dt: -899.763916, area_speed: -0.193879, area: 798570.000000
cx: 783.000000, cx_error: -177.000000, cx_out: -0.354016, cy: 602.000000, cy_error: 62.000000, cy_out: 0.124016, dt: 98.844292, area_speed: -0.199669, area: 813888.000000
cx: 751.000000, cx_error: -209.000000, cx_out: -0.418016, cy: 564.000000, cy_error: 24.000000, cy_out: 0.048016, dt: 99.925934, area_speed: 0.068938, area: 878940.000000
cx: 748.000000, cx_error: -212.000000, cx_out: -0.424016, cy: 557.000000, cy_error: 17.000000, cy_out: 0.034016, dt: 100.595367, area_speed: 0.071649, area: 893475.000000
cx: 771.000000, cx_error: -189.000000, cx_out: -0.378016, cy: 561.000000, cy_error: 21.000000, cy_out: 0.042016, dt: 99.138763, area_speed: -0.222299, area: 858186.000000
cx: 811.000000, cx_error: -149.000000, cx_out: -0.298016, cy: 594.000000, cy_error: 54.000000, cy_out: 0.108016, dt: 99.795990, area_speed: -0.229835, area: 771363.000000
cx: 850.000000, cx_error: -110.000000, cx_out: -0.220016, cy: 581.000000, cy_error: 41.000000, cy_out: 0.082016, dt: 100.558228, area_speed: -0.235814, area: 792990.000000
cx: 960.000000, cx_error: 0.000000, cx_out: 0.000016, cy: 561.000000, cy_error: 21.000000, cy_out: 0.042016, dt: 100.727417, area_speed: 0.080062, area: 976854.000000
cx: 987.000000, cx_error: 27.000000, cx_out: 0.054016, cy: 542.000000, cy_error: 2.000000, cy_out: 0.004016, dt: 99.259521, area_speed: 0.080422, area: 1016256.000000
cx: 945.000000, cx_error: -15.000000, cx_out: -0.030016, cy: 542.000000, cy_error: 2.000000, cy_out: 0.004016, dt: 100.808960, area_speed: 0.080171, area: 926808.000000
cx: 949.000000, cx_error: -11.000000, cx_out: -0.021984, cy: 580.000000, cy_error: 40.000000, cy_out: 0.079984, dt: -900.440369, area_speed: 0.080113, area: 947196.000000
cx: 937.000000, cx_error: -23.000000, cx_out: -0.046016, cy: 592.000000, cy_error: 52.000000, cy_out: 0.104016, dt: 99.385918, area_speed: 0.080122, area: 942825.000000
cx: 936.000000, cx_error: -24.000000, cx_out: -0.048016, cy: 581.000000, cy_error: 41.000000, cy_out: 0.082016, dt: 99.634216, area_speed: 0.080223, area: 974160.000000
cx: 946.000000, cx_error: -14.000000, cx_out: -0.028016, cy: 584.000000, cy_error: 44.000000, cy_out: 0.088016, dt: 99.447876, area_speed: 0.080420, area: 944559.000000
cx: 870.000000, cx_error: -90.000000, cx_out: -0.180016, cy: 583.000000, cy_error: 43.000000, cy_out: 0.086016, dt: 100.802124, area_speed: 0.080579, area: 901476.000000
cx: 877.000000, cx_error: -83.000000, cx_out: -0.166016, cy: 550.000000, cy_error: 10.000000, cy_out: 0.020016, dt: 99.764984, area_speed: -0.243968, area: 826083.000000
cx: 897.000000, cx_error: -63.000000, cx_out: -0.126016, cy: 547.000000, cy_error: 7.000000, cy_out: 0.014016, dt: 101.859070, area_speed: 0.082239, area: 954924.000000
cx: 927.000000, cx_error: -33.000000, cx_out: -0.066016, cy: 556.000000, cy_error: 16.000000, cy_out: 0.032016, dt: 99.761475, area_speed: 0.082922, area: 932442.000000
cx: 952.000000, cx_error: -8.000000, cx_out: -0.016016, cy: 543.000000, cy_error: 3.000000, cy_out: 0.006016, dt: 99.084290, area_speed: 0.083400, area: 956202.000000
cx: 954.000000, cx_error: -6.000000, cx_out: -0.012016, cy: 541.000000, cy_error: 1.000000, cy_out: 0.002016, dt: 100.288269, area_speed: 0.083630, area: 985014.000000
cx: 1023.000000, cx_error: 63.000000, cx_out: 0.125984, cy: 550.000000, cy_error: 10.000000, cy_out: 0.019984, dt: -900.273315, area_speed: 0.083752, area: 992160.000000
cx: 1038.000000, cx_error: 78.000000, cx_out: 0.156016, cy: 556.000000, cy_error: 16.000000, cy_out: 0.032016, dt: 100.607544, area_speed: 0.083347, area: 986274.000000
cx: 1063.000000, cx_error: 103.000000, cx_out: 0.206016, cy: 544.000000, cy_error: 4.000000, cy_out: 0.008016, dt: 100.282791, area_speed: 0.082592, area: 1083792.000000
cx: 1056.000000, cx_error: 96.000000, cx_out: 0.192016, cy: 538.000000, cy_error: -2.000000, cy_out: -0.004016, dt: 100.273773, area_speed: 0.081641, area: 1174992.000000
cx: 1056.000000, cx_error: 96.000000, cx_out: 0.192016, cy: 542.000000, cy_error: 2.000000, cy_out: 0.004016, dt: 100.257050, area_speed: 0.080458, area: 1209216.000000
cx: 1041.000000, cx_error: 81.000000, cx_out: 0.162016, cy: 538.000000, cy_error: -2.000000, cy_out: -0.004016, dt: 99.404510, area_speed: 0.079283, area: 1219800.000000
cx: 1038.000000, cx_error: 78.000000, cx_out: 0.156016, cy: 535.000000, cy_error: -5.000000, cy_out: -0.010016, dt: 98.864746, area_speed: 0.078160, area: 1227366.000000
cx: 1005.000000, cx_error: 45.000000, cx_out: 0.090016, cy: 518.000000, cy_error: -22.000000, cy_out: -0.044016, dt: 100.924927, area_speed: 0.077121, area: 1199688.000000
cx: 808.000000, cx_error: -152.000000, cx_out: -0.304016, cy: 547.000000, cy_error: 7.000000, cy_out: 0.014016, dt: 100.650391, area_speed: 0.076102, area: 1498455.000000
cx: 817.000000, cx_error: -143.000000, cx_out: -0.285984, cy: 550.000000, cy_error: 10.000000, cy_out: 0.019984, dt: -900.131714, area_speed: 0.077114, area: 1432827.000000
cx: 751.000000, cx_error: -209.000000, cx_out: -0.418016, cy: 545.000000, cy_error: 5.000000, cy_out: 0.010016, dt: 99.118965, area_speed: 0.078876, area: 1587465.000000
cx: 861.000000, cx_error: -99.000000, cx_out: -0.198016, cy: 533.000000, cy_error: -7.000000, cy_out: -0.014016, dt: 98.655197, area_speed: 0.080989, area: 1407120.000000
cx: 940.000000, cx_error: -20.000000, cx_out: -0.040016, cy: 535.000000, cy_error: -5.000000, cy_out: -0.010016, dt: 99.600098, area_speed: 0.082313, area: 1359099.000000
cx: 960.000000, cx_error: 0.000000, cx_out: -0.000016, cy: 540.000000, cy_error: 0.000000, cy_out: -0.000016, dt: 98.511841, area_speed: 0.084222, area: 2047680.000000
